<html>
<body>
<pre>
<h1>µVision Build Log</h1>
<h2>Project:</h2>
C:\Users\LeeSan\Desktop\FinalProject\Final_Project.uvproj
Project File Date:  12/04/2015

<h2>Output:</h2>
Build target '1212505_1212513'
compiling main.c...
Source\main.c(23): warning:  #111-D: statement is unreachable
      return 1;
Source\main.c(24): warning:  #1-D: last line of file ends without a newline
  }
Source\main.c: 2 warnings, 0 errors
compiling Uart.c...
linking...
Program Size: Code=4628 RO-data=424 RW-data=36 ZI-data=1636  
".\Object\Final_Project.axf" - 0 Error(s), 2 Warning(s).
</pre>
</body>
</html>
  
".\Object\Final_Project.axf" - 0 Error(s), 2 Warning(s).
t1. Student info.\n\t2. Basic operation.";
Source\main.c: 2 warnings, 2 errors
".\Object\Final_Project.axf" - 2 Error(s), 2 Warning(s).
Target not created
